{'name': 'NIKOLAY URVANTSEV', 'mmsi': '477327300', 'imo': '9750660', 'link': 'https://www.vesselfinder.com/?mmsi=477327300', 'vesselType': 'Tankers'} was already there
{'name': 'NIKOLAY URVANTSEV', 'mmsi': '477327300', 'imo': '9750660', 'link': 'https://www.vesselfinder.com/?mmsi=477327300', 'vesselType': 'Tankers'} was already there
{'name': 'NIKOLAY URVANTSEV', 'mmsi': '477327300', 'imo': '9750660', 'link': 'https://www.vesselfinder.com/?mmsi=477327300', 'vesselType': 'Tankers'} was already there
NIKOLAY URVANTSEV was already there
NIKOLAY URVANTSEV was already there
NIKOLAY URVANTSEV was already there
NIKOLAY URVANTSEV was already there
NIKOLAY URVANTSEV was already there
NIKOLAY URVANTSEV was already there
NIKOLAY URVANTSEV was already there
NIKOLAY URVANTSEV was already there
NIKOLAY URVANTSEV was already there
NIKOLAY URVANTSEV was already there
NIKOLAY URVANTSEV was already there
NIKOLAY URVANTSEV was already there
NIKOLAY URVANTSEV was already there
NIKOLAY URVANTSEV was already there
NIKOLAY URVANTSEV was already there
NIKOLAY URVANTSEV was already there
NIKOLAY URVANTSEV was already there
NIKOLAY URVANTSEV was already there
NIKOLAY URVANTSEV was already there
NIKOLAY URVANTSEV was already there
NIKOLAY URVANTSEV was already there
NIKOLAY URVANTSEV was already there
NIKOLAY URVANTSEV was already there
NIKOLAY URVANTSEV was already there
NIKOLAY URVANTSEV was already there
NIKOLAY URVANTSEV was already there
NIKOLAY URVANTSEV was already there
NIKOLAY URVANTSEV was already there
NIKOLAY URVANTSEV was already there
NIKOLAY URVANTSEV was already there
NIKOLAY URVANTSEV was already there
NIKOLAY URVANTSEV was already there
NIKOLAY URVANTSEV was already there
NIKOLAY URVANTSEV was already there
NIKOLAY URVANTSEV was already there
NIKOLAY URVANTSEV was already there
NIKOLAY URVANTSEV was already there
NIKOLAY URVANTSEV was already there
NIKOLAY URVANTSEV was already there
NIKOLAY URVANTSEV was already there
NIKOLAY URVANTSEV was already there
NIKOLAY URVANTSEV was already there
2020-05-29 | 21:00 NIKOLAY URVANTSEV was already there
==> Successfully started `mongodb-community@3.6` (label: homebrew.mxcl.mongodb-community@3.6)
2020-05-29 | 23:00 NIKOLAY URVANTSEV was already there
Stopping `mongodb-community@3.6`... (might take a while)
==> Successfully stopped `mongodb-community@3.6` (label: homebrew.mxcl.mongodb-community@3.6)
==> Successfully started `mongodb-community@3.6` (label: homebrew.mxcl.mongodb-community@3.6)
2020-05-30 | 00:00 NIKOLAY URVANTSEV was already there
Stopping `mongodb-community@3.6`... (might take a while)
==> Successfully stopped `mongodb-community@3.6` (label: homebrew.mxcl.mongodb-community@3.6)
Service `mongodb-community@3.6` already started, use `brew services restart mongodb-community@3.6` to restart.
2020-05-30 | 09:00 NIKOLAY URVANTSEV was already there
Stopping `mongodb-community@3.6`... (might take a while)
==> Successfully stopped `mongodb-community@3.6` (label: homebrew.mxcl.mongodb-community@3.6)
Service `mongodb-community@3.6` already started, use `brew services restart mongodb-community@3.6` to restart.
2020-05-30 | 11:00 NIKOLAY URVANTSEV was already there
Stopping `mongodb-community@3.6`... (might take a while)
==> Successfully stopped `mongodb-community@3.6` (label: homebrew.mxcl.mongodb-community@3.6)
Service `mongodb-community@3.6` already started, use `brew services restart mongodb-community@3.6` to restart.
YAKOV GAKKEL is just arrived
Stopping `mongodb-community@3.6`... (might take a while)
==> Successfully stopped `mongodb-community@3.6` (label: homebrew.mxcl.mongodb-community@3.6)
Service `mongodb-community@3.6` already started, use `brew services restart mongodb-community@3.6` to restart.
This is not a yamal-icebrakers
This is not a yamal-icebrakers
This is not a yamal-icebrakers
This is not a yamal-icebrakers
This is not a yamal-icebrakers
This is not a yamal-icebrakers
This is not a yamal-icebrakers
This is not a yamal-icebrakers
This is not a yamal-icebrakers
Stopping `mongodb-community@3.6`... (might take a while)
==> Successfully stopped `mongodb-community@3.6` (label: homebrew.mxcl.mongodb-community@3.6)
Service `mongodb-community@3.6` already started, use `brew services restart mongodb-community@3.6` to restart.
Stopping `mongodb-community@3.6`... (might take a while)
==> Successfully stopped `mongodb-community@3.6` (label: homebrew.mxcl.mongodb-community@3.6)
